2026-03-05 13:58:37,343 INFO    MainThread:2540 [wandb_setup.py:_flush():81] Current SDK version is 0.25.0
2026-03-05 13:58:37,344 INFO    MainThread:2540 [wandb_setup.py:_flush():81] Configure stats pid to 2540
2026-03-05 13:58:37,344 INFO    MainThread:2540 [wandb_setup.py:_flush():81] Loading settings from environment variables
2026-03-05 13:58:37,344 INFO    MainThread:2540 [wandb_init.py:setup_run_log_directory():717] Logging user logs to C:\Users\wadak\Downloads\shimomura\wandb\run-20260305_135837-hzxgn4se\logs\debug.log
2026-03-05 13:58:37,345 INFO    MainThread:2540 [wandb_init.py:setup_run_log_directory():718] Logging internal logs to C:\Users\wadak\Downloads\shimomura\wandb\run-20260305_135837-hzxgn4se\logs\debug-internal.log
2026-03-05 13:58:37,346 INFO    MainThread:2540 [wandb_init.py:init():844] calling init triggers
2026-03-05 13:58:37,346 INFO    MainThread:2540 [wandb_init.py:init():849] wandb.init called with sweep_config: {}
config: {'learning_rate': 0.00359, 'epochs': 50, 'batch_size': 300, 'model_architecture': 'mobilenet_firstgen_normed', 'optimizer': 'Adam', 'scheduler': 'OneCycleLR', '_wandb': {}}
2026-03-05 13:58:37,346 INFO    MainThread:2540 [wandb_init.py:init():892] starting backend
2026-03-05 13:58:39,935 INFO    MainThread:2540 [wandb_init.py:init():895] sending inform_init request
2026-03-05 13:58:39,981 INFO    MainThread:2540 [wandb_init.py:init():903] backend started and connected
2026-03-05 13:58:39,985 INFO    MainThread:2540 [wandb_init.py:init():973] updated telemetry
2026-03-05 13:58:39,988 INFO    MainThread:2540 [wandb_init.py:init():997] communicating run to backend with 90.0 second timeout
2026-03-05 13:58:41,354 INFO    MainThread:2540 [wandb_init.py:init():1042] starting run threads in backend
2026-03-05 13:58:42,170 INFO    MainThread:2540 [wandb_run.py:_console_start():2524] atexit reg
2026-03-05 13:58:42,170 INFO    MainThread:2540 [wandb_run.py:_redirect():2373] redirect: wrap_raw
2026-03-05 13:58:42,170 INFO    MainThread:2540 [wandb_run.py:_redirect():2442] Wrapping output streams.
2026-03-05 13:58:42,170 INFO    MainThread:2540 [wandb_run.py:_redirect():2465] Redirects installed.
2026-03-05 13:58:42,175 INFO    MainThread:2540 [wandb_init.py:init():1082] run started, returning control to user process
2026-03-05 13:59:53,113 INFO    wandb-AsyncioManager-main:2540 [service_client.py:_forward_responses():134] Reached EOF.
2026-03-05 13:59:53,113 INFO    wandb-AsyncioManager-main:2540 [mailbox.py:close():155] Closing mailbox, abandoning 1 handles.
2026-03-05 13:59:54,452 ERROR   wandb-AsyncioManager-main:2540 [asyncio_manager.py:fn_wrap_exceptions():184] Uncaught exception in run_soon callback.
Traceback (most recent call last):
  File "C:\Users\wadak\anaconda3\lib\site-packages\wandb\sdk\lib\asyncio_manager.py", line 182, in fn_wrap_exceptions
    await fn()
  File "C:\Users\wadak\anaconda3\lib\site-packages\wandb\sdk\lib\service\service_client.py", line 45, in publish
    await self._send_server_request(request)
  File "C:\Users\wadak\anaconda3\lib\site-packages\wandb\sdk\lib\service\service_client.py", line 87, in _send_server_request
    await self._drain_writer()
  File "C:\Users\wadak\anaconda3\lib\site-packages\wandb\sdk\lib\service\service_client.py", line 96, in _drain_writer
    await self._writer.drain()
  File "C:\Users\wadak\anaconda3\lib\asyncio\streams.py", line 371, in drain
    await self._protocol._drain_helper()
  File "C:\Users\wadak\anaconda3\lib\asyncio\streams.py", line 167, in _drain_helper
    raise ConnectionResetError('Connection lost')
ConnectionResetError: Connection lost
2026-03-05 13:59:54,460 ERROR   wandb-AsyncioManager-main:2540 [asyncio_manager.py:fn_wrap_exceptions():184] Uncaught exception in run_soon callback.
Traceback (most recent call last):
  File "C:\Users\wadak\anaconda3\lib\site-packages\wandb\sdk\lib\asyncio_manager.py", line 182, in fn_wrap_exceptions
    await fn()
  File "C:\Users\wadak\anaconda3\lib\site-packages\wandb\sdk\lib\service\service_client.py", line 45, in publish
    await self._send_server_request(request)
  File "C:\Users\wadak\anaconda3\lib\site-packages\wandb\sdk\lib\service\service_client.py", line 78, in _send_server_request
    raise self._broken_exc.with_traceback(self._broken_tb)
  File "C:\Users\wadak\anaconda3\lib\site-packages\wandb\sdk\lib\service\service_client.py", line 87, in _send_server_request
    await self._drain_writer()
  File "C:\Users\wadak\anaconda3\lib\site-packages\wandb\sdk\lib\service\service_client.py", line 96, in _drain_writer
    await self._writer.drain()
  File "C:\Users\wadak\anaconda3\lib\asyncio\streams.py", line 371, in drain
    await self._protocol._drain_helper()
  File "C:\Users\wadak\anaconda3\lib\asyncio\streams.py", line 167, in _drain_helper
    raise ConnectionResetError('Connection lost')
ConnectionResetError: Connection lost
2026-03-05 13:59:54,461 ERROR   wandb-AsyncioManager-main:2540 [asyncio_manager.py:fn_wrap_exceptions():184] Uncaught exception in run_soon callback.
Traceback (most recent call last):
  File "C:\Users\wadak\anaconda3\lib\site-packages\wandb\sdk\lib\asyncio_manager.py", line 182, in fn_wrap_exceptions
    await fn()
  File "C:\Users\wadak\anaconda3\lib\site-packages\wandb\sdk\lib\service\service_client.py", line 45, in publish
    await self._send_server_request(request)
  File "C:\Users\wadak\anaconda3\lib\site-packages\wandb\sdk\lib\service\service_client.py", line 78, in _send_server_request
    raise self._broken_exc.with_traceback(self._broken_tb)
  File "C:\Users\wadak\anaconda3\lib\site-packages\wandb\sdk\lib\service\service_client.py", line 87, in _send_server_request
    await self._drain_writer()
  File "C:\Users\wadak\anaconda3\lib\site-packages\wandb\sdk\lib\service\service_client.py", line 96, in _drain_writer
    await self._writer.drain()
  File "C:\Users\wadak\anaconda3\lib\asyncio\streams.py", line 371, in drain
    await self._protocol._drain_helper()
  File "C:\Users\wadak\anaconda3\lib\asyncio\streams.py", line 167, in _drain_helper
    raise ConnectionResetError('Connection lost')
ConnectionResetError: Connection lost
2026-03-05 13:59:54,462 ERROR   wandb-AsyncioManager-main:2540 [asyncio_manager.py:fn_wrap_exceptions():184] Uncaught exception in run_soon callback.
Traceback (most recent call last):
  File "C:\Users\wadak\anaconda3\lib\site-packages\wandb\sdk\lib\asyncio_manager.py", line 182, in fn_wrap_exceptions
    await fn()
  File "C:\Users\wadak\anaconda3\lib\site-packages\wandb\sdk\lib\service\service_client.py", line 45, in publish
    await self._send_server_request(request)
  File "C:\Users\wadak\anaconda3\lib\site-packages\wandb\sdk\lib\service\service_client.py", line 78, in _send_server_request
    raise self._broken_exc.with_traceback(self._broken_tb)
  File "C:\Users\wadak\anaconda3\lib\site-packages\wandb\sdk\lib\service\service_client.py", line 87, in _send_server_request
    await self._drain_writer()
  File "C:\Users\wadak\anaconda3\lib\site-packages\wandb\sdk\lib\service\service_client.py", line 96, in _drain_writer
    await self._writer.drain()
  File "C:\Users\wadak\anaconda3\lib\asyncio\streams.py", line 371, in drain
    await self._protocol._drain_helper()
  File "C:\Users\wadak\anaconda3\lib\asyncio\streams.py", line 167, in _drain_helper
    raise ConnectionResetError('Connection lost')
ConnectionResetError: Connection lost
2026-03-05 13:59:54,463 ERROR   wandb-AsyncioManager-main:2540 [asyncio_manager.py:fn_wrap_exceptions():184] Uncaught exception in run_soon callback.
Traceback (most recent call last):
  File "C:\Users\wadak\anaconda3\lib\site-packages\wandb\sdk\lib\asyncio_manager.py", line 182, in fn_wrap_exceptions
    await fn()
  File "C:\Users\wadak\anaconda3\lib\site-packages\wandb\sdk\lib\service\service_client.py", line 45, in publish
    await self._send_server_request(request)
  File "C:\Users\wadak\anaconda3\lib\site-packages\wandb\sdk\lib\service\service_client.py", line 78, in _send_server_request
    raise self._broken_exc.with_traceback(self._broken_tb)
  File "C:\Users\wadak\anaconda3\lib\site-packages\wandb\sdk\lib\service\service_client.py", line 87, in _send_server_request
    await self._drain_writer()
  File "C:\Users\wadak\anaconda3\lib\site-packages\wandb\sdk\lib\service\service_client.py", line 96, in _drain_writer
    await self._writer.drain()
  File "C:\Users\wadak\anaconda3\lib\asyncio\streams.py", line 371, in drain
    await self._protocol._drain_helper()
  File "C:\Users\wadak\anaconda3\lib\asyncio\streams.py", line 167, in _drain_helper
    raise ConnectionResetError('Connection lost')
ConnectionResetError: Connection lost
2026-03-05 13:59:54,463 ERROR   wandb-AsyncioManager-main:2540 [asyncio_manager.py:fn_wrap_exceptions():184] Uncaught exception in run_soon callback.
Traceback (most recent call last):
  File "C:\Users\wadak\anaconda3\lib\site-packages\wandb\sdk\lib\asyncio_manager.py", line 182, in fn_wrap_exceptions
    await fn()
  File "C:\Users\wadak\anaconda3\lib\site-packages\wandb\sdk\lib\service\service_client.py", line 45, in publish
    await self._send_server_request(request)
  File "C:\Users\wadak\anaconda3\lib\site-packages\wandb\sdk\lib\service\service_client.py", line 78, in _send_server_request
    raise self._broken_exc.with_traceback(self._broken_tb)
  File "C:\Users\wadak\anaconda3\lib\site-packages\wandb\sdk\lib\service\service_client.py", line 87, in _send_server_request
    await self._drain_writer()
  File "C:\Users\wadak\anaconda3\lib\site-packages\wandb\sdk\lib\service\service_client.py", line 96, in _drain_writer
    await self._writer.drain()
  File "C:\Users\wadak\anaconda3\lib\asyncio\streams.py", line 371, in drain
    await self._protocol._drain_helper()
  File "C:\Users\wadak\anaconda3\lib\asyncio\streams.py", line 167, in _drain_helper
    raise ConnectionResetError('Connection lost')
ConnectionResetError: Connection lost
2026-03-05 13:59:54,463 ERROR   wandb-AsyncioManager-main:2540 [asyncio_manager.py:fn_wrap_exceptions():184] Uncaught exception in run_soon callback.
Traceback (most recent call last):
  File "C:\Users\wadak\anaconda3\lib\site-packages\wandb\sdk\lib\asyncio_manager.py", line 182, in fn_wrap_exceptions
    await fn()
  File "C:\Users\wadak\anaconda3\lib\site-packages\wandb\sdk\lib\service\service_client.py", line 45, in publish
    await self._send_server_request(request)
  File "C:\Users\wadak\anaconda3\lib\site-packages\wandb\sdk\lib\service\service_client.py", line 78, in _send_server_request
    raise self._broken_exc.with_traceback(self._broken_tb)
  File "C:\Users\wadak\anaconda3\lib\site-packages\wandb\sdk\lib\service\service_client.py", line 87, in _send_server_request
    await self._drain_writer()
  File "C:\Users\wadak\anaconda3\lib\site-packages\wandb\sdk\lib\service\service_client.py", line 96, in _drain_writer
    await self._writer.drain()
  File "C:\Users\wadak\anaconda3\lib\asyncio\streams.py", line 371, in drain
    await self._protocol._drain_helper()
  File "C:\Users\wadak\anaconda3\lib\asyncio\streams.py", line 167, in _drain_helper
    raise ConnectionResetError('Connection lost')
ConnectionResetError: Connection lost
2026-03-05 13:59:54,464 ERROR   wandb-AsyncioManager-main:2540 [asyncio_manager.py:fn_wrap_exceptions():184] Uncaught exception in run_soon callback.
Traceback (most recent call last):
  File "C:\Users\wadak\anaconda3\lib\site-packages\wandb\sdk\lib\asyncio_manager.py", line 182, in fn_wrap_exceptions
    await fn()
  File "C:\Users\wadak\anaconda3\lib\site-packages\wandb\sdk\lib\service\service_client.py", line 45, in publish
    await self._send_server_request(request)
  File "C:\Users\wadak\anaconda3\lib\site-packages\wandb\sdk\lib\service\service_client.py", line 78, in _send_server_request
    raise self._broken_exc.with_traceback(self._broken_tb)
  File "C:\Users\wadak\anaconda3\lib\site-packages\wandb\sdk\lib\service\service_client.py", line 87, in _send_server_request
    await self._drain_writer()
  File "C:\Users\wadak\anaconda3\lib\site-packages\wandb\sdk\lib\service\service_client.py", line 96, in _drain_writer
    await self._writer.drain()
  File "C:\Users\wadak\anaconda3\lib\asyncio\streams.py", line 371, in drain
    await self._protocol._drain_helper()
  File "C:\Users\wadak\anaconda3\lib\asyncio\streams.py", line 167, in _drain_helper
    raise ConnectionResetError('Connection lost')
ConnectionResetError: Connection lost
2026-03-05 13:59:54,465 ERROR   wandb-AsyncioManager-main:2540 [asyncio_manager.py:fn_wrap_exceptions():184] Uncaught exception in run_soon callback.
Traceback (most recent call last):
  File "C:\Users\wadak\anaconda3\lib\site-packages\wandb\sdk\lib\asyncio_manager.py", line 182, in fn_wrap_exceptions
    await fn()
  File "C:\Users\wadak\anaconda3\lib\site-packages\wandb\sdk\lib\service\service_client.py", line 45, in publish
    await self._send_server_request(request)
  File "C:\Users\wadak\anaconda3\lib\site-packages\wandb\sdk\lib\service\service_client.py", line 78, in _send_server_request
    raise self._broken_exc.with_traceback(self._broken_tb)
  File "C:\Users\wadak\anaconda3\lib\site-packages\wandb\sdk\lib\service\service_client.py", line 87, in _send_server_request
    await self._drain_writer()
  File "C:\Users\wadak\anaconda3\lib\site-packages\wandb\sdk\lib\service\service_client.py", line 96, in _drain_writer
    await self._writer.drain()
  File "C:\Users\wadak\anaconda3\lib\asyncio\streams.py", line 371, in drain
    await self._protocol._drain_helper()
  File "C:\Users\wadak\anaconda3\lib\asyncio\streams.py", line 167, in _drain_helper
    raise ConnectionResetError('Connection lost')
ConnectionResetError: Connection lost
2026-03-05 13:59:54,465 ERROR   wandb-AsyncioManager-main:2540 [asyncio_manager.py:fn_wrap_exceptions():184] Uncaught exception in run_soon callback.
Traceback (most recent call last):
  File "C:\Users\wadak\anaconda3\lib\site-packages\wandb\sdk\lib\asyncio_manager.py", line 182, in fn_wrap_exceptions
    await fn()
  File "C:\Users\wadak\anaconda3\lib\site-packages\wandb\sdk\lib\service\service_client.py", line 45, in publish
    await self._send_server_request(request)
  File "C:\Users\wadak\anaconda3\lib\site-packages\wandb\sdk\lib\service\service_client.py", line 78, in _send_server_request
    raise self._broken_exc.with_traceback(self._broken_tb)
  File "C:\Users\wadak\anaconda3\lib\site-packages\wandb\sdk\lib\service\service_client.py", line 87, in _send_server_request
    await self._drain_writer()
  File "C:\Users\wadak\anaconda3\lib\site-packages\wandb\sdk\lib\service\service_client.py", line 96, in _drain_writer
    await self._writer.drain()
  File "C:\Users\wadak\anaconda3\lib\asyncio\streams.py", line 371, in drain
    await self._protocol._drain_helper()
  File "C:\Users\wadak\anaconda3\lib\asyncio\streams.py", line 167, in _drain_helper
    raise ConnectionResetError('Connection lost')
ConnectionResetError: Connection lost
2026-03-05 13:59:54,466 ERROR   wandb-AsyncioManager-main:2540 [asyncio_manager.py:fn_wrap_exceptions():184] Uncaught exception in run_soon callback.
Traceback (most recent call last):
  File "C:\Users\wadak\anaconda3\lib\site-packages\wandb\sdk\lib\asyncio_manager.py", line 182, in fn_wrap_exceptions
    await fn()
  File "C:\Users\wadak\anaconda3\lib\site-packages\wandb\sdk\lib\service\service_client.py", line 45, in publish
    await self._send_server_request(request)
  File "C:\Users\wadak\anaconda3\lib\site-packages\wandb\sdk\lib\service\service_client.py", line 78, in _send_server_request
    raise self._broken_exc.with_traceback(self._broken_tb)
  File "C:\Users\wadak\anaconda3\lib\site-packages\wandb\sdk\lib\service\service_client.py", line 87, in _send_server_request
    await self._drain_writer()
  File "C:\Users\wadak\anaconda3\lib\site-packages\wandb\sdk\lib\service\service_client.py", line 96, in _drain_writer
    await self._writer.drain()
  File "C:\Users\wadak\anaconda3\lib\asyncio\streams.py", line 371, in drain
    await self._protocol._drain_helper()
  File "C:\Users\wadak\anaconda3\lib\asyncio\streams.py", line 167, in _drain_helper
    raise ConnectionResetError('Connection lost')
ConnectionResetError: Connection lost
2026-03-05 13:59:54,466 ERROR   wandb-AsyncioManager-main:2540 [asyncio_manager.py:fn_wrap_exceptions():184] Uncaught exception in run_soon callback.
Traceback (most recent call last):
  File "C:\Users\wadak\anaconda3\lib\site-packages\wandb\sdk\lib\asyncio_manager.py", line 182, in fn_wrap_exceptions
    await fn()
  File "C:\Users\wadak\anaconda3\lib\site-packages\wandb\sdk\lib\service\service_client.py", line 45, in publish
    await self._send_server_request(request)
  File "C:\Users\wadak\anaconda3\lib\site-packages\wandb\sdk\lib\service\service_client.py", line 78, in _send_server_request
    raise self._broken_exc.with_traceback(self._broken_tb)
  File "C:\Users\wadak\anaconda3\lib\site-packages\wandb\sdk\lib\service\service_client.py", line 87, in _send_server_request
    await self._drain_writer()
  File "C:\Users\wadak\anaconda3\lib\site-packages\wandb\sdk\lib\service\service_client.py", line 96, in _drain_writer
    await self._writer.drain()
  File "C:\Users\wadak\anaconda3\lib\asyncio\streams.py", line 371, in drain
    await self._protocol._drain_helper()
  File "C:\Users\wadak\anaconda3\lib\asyncio\streams.py", line 167, in _drain_helper
    raise ConnectionResetError('Connection lost')
ConnectionResetError: Connection lost
2026-03-05 13:59:54,466 ERROR   wandb-AsyncioManager-main:2540 [asyncio_manager.py:fn_wrap_exceptions():184] Uncaught exception in run_soon callback.
Traceback (most recent call last):
  File "C:\Users\wadak\anaconda3\lib\site-packages\wandb\sdk\lib\asyncio_manager.py", line 182, in fn_wrap_exceptions
    await fn()
  File "C:\Users\wadak\anaconda3\lib\site-packages\wandb\sdk\lib\service\service_client.py", line 45, in publish
    await self._send_server_request(request)
  File "C:\Users\wadak\anaconda3\lib\site-packages\wandb\sdk\lib\service\service_client.py", line 78, in _send_server_request
    raise self._broken_exc.with_traceback(self._broken_tb)
  File "C:\Users\wadak\anaconda3\lib\site-packages\wandb\sdk\lib\service\service_client.py", line 87, in _send_server_request
    await self._drain_writer()
  File "C:\Users\wadak\anaconda3\lib\site-packages\wandb\sdk\lib\service\service_client.py", line 96, in _drain_writer
    await self._writer.drain()
  File "C:\Users\wadak\anaconda3\lib\asyncio\streams.py", line 371, in drain
    await self._protocol._drain_helper()
  File "C:\Users\wadak\anaconda3\lib\asyncio\streams.py", line 167, in _drain_helper
    raise ConnectionResetError('Connection lost')
ConnectionResetError: Connection lost
2026-03-05 13:59:54,468 ERROR   wandb-AsyncioManager-main:2540 [asyncio_manager.py:fn_wrap_exceptions():184] Uncaught exception in run_soon callback.
Traceback (most recent call last):
  File "C:\Users\wadak\anaconda3\lib\site-packages\wandb\sdk\lib\asyncio_manager.py", line 182, in fn_wrap_exceptions
    await fn()
  File "C:\Users\wadak\anaconda3\lib\site-packages\wandb\sdk\lib\service\service_client.py", line 45, in publish
    await self._send_server_request(request)
  File "C:\Users\wadak\anaconda3\lib\site-packages\wandb\sdk\lib\service\service_client.py", line 78, in _send_server_request
    raise self._broken_exc.with_traceback(self._broken_tb)
  File "C:\Users\wadak\anaconda3\lib\site-packages\wandb\sdk\lib\service\service_client.py", line 87, in _send_server_request
    await self._drain_writer()
  File "C:\Users\wadak\anaconda3\lib\site-packages\wandb\sdk\lib\service\service_client.py", line 96, in _drain_writer
    await self._writer.drain()
  File "C:\Users\wadak\anaconda3\lib\asyncio\streams.py", line 371, in drain
    await self._protocol._drain_helper()
  File "C:\Users\wadak\anaconda3\lib\asyncio\streams.py", line 167, in _drain_helper
    raise ConnectionResetError('Connection lost')
ConnectionResetError: Connection lost
2026-03-05 13:59:54,469 ERROR   wandb-AsyncioManager-main:2540 [asyncio_manager.py:fn_wrap_exceptions():184] Uncaught exception in run_soon callback.
Traceback (most recent call last):
  File "C:\Users\wadak\anaconda3\lib\site-packages\wandb\sdk\lib\asyncio_manager.py", line 182, in fn_wrap_exceptions
    await fn()
  File "C:\Users\wadak\anaconda3\lib\site-packages\wandb\sdk\lib\service\service_client.py", line 45, in publish
    await self._send_server_request(request)
  File "C:\Users\wadak\anaconda3\lib\site-packages\wandb\sdk\lib\service\service_client.py", line 78, in _send_server_request
    raise self._broken_exc.with_traceback(self._broken_tb)
  File "C:\Users\wadak\anaconda3\lib\site-packages\wandb\sdk\lib\service\service_client.py", line 87, in _send_server_request
    await self._drain_writer()
  File "C:\Users\wadak\anaconda3\lib\site-packages\wandb\sdk\lib\service\service_client.py", line 96, in _drain_writer
    await self._writer.drain()
  File "C:\Users\wadak\anaconda3\lib\asyncio\streams.py", line 371, in drain
    await self._protocol._drain_helper()
  File "C:\Users\wadak\anaconda3\lib\asyncio\streams.py", line 167, in _drain_helper
    raise ConnectionResetError('Connection lost')
ConnectionResetError: Connection lost
2026-03-05 13:59:54,470 ERROR   wandb-AsyncioManager-main:2540 [asyncio_manager.py:fn_wrap_exceptions():184] Uncaught exception in run_soon callback.
Traceback (most recent call last):
  File "C:\Users\wadak\anaconda3\lib\site-packages\wandb\sdk\lib\asyncio_manager.py", line 182, in fn_wrap_exceptions
    await fn()
  File "C:\Users\wadak\anaconda3\lib\site-packages\wandb\sdk\lib\service\service_client.py", line 45, in publish
    await self._send_server_request(request)
  File "C:\Users\wadak\anaconda3\lib\site-packages\wandb\sdk\lib\service\service_client.py", line 78, in _send_server_request
    raise self._broken_exc.with_traceback(self._broken_tb)
  File "C:\Users\wadak\anaconda3\lib\site-packages\wandb\sdk\lib\service\service_client.py", line 87, in _send_server_request
    await self._drain_writer()
  File "C:\Users\wadak\anaconda3\lib\site-packages\wandb\sdk\lib\service\service_client.py", line 96, in _drain_writer
    await self._writer.drain()
  File "C:\Users\wadak\anaconda3\lib\asyncio\streams.py", line 371, in drain
    await self._protocol._drain_helper()
  File "C:\Users\wadak\anaconda3\lib\asyncio\streams.py", line 167, in _drain_helper
    raise ConnectionResetError('Connection lost')
ConnectionResetError: Connection lost
2026-03-05 13:59:54,470 ERROR   wandb-AsyncioManager-main:2540 [asyncio_manager.py:fn_wrap_exceptions():184] Uncaught exception in run_soon callback.
Traceback (most recent call last):
  File "C:\Users\wadak\anaconda3\lib\site-packages\wandb\sdk\lib\asyncio_manager.py", line 182, in fn_wrap_exceptions
    await fn()
  File "C:\Users\wadak\anaconda3\lib\site-packages\wandb\sdk\lib\service\service_client.py", line 45, in publish
    await self._send_server_request(request)
  File "C:\Users\wadak\anaconda3\lib\site-packages\wandb\sdk\lib\service\service_client.py", line 78, in _send_server_request
    raise self._broken_exc.with_traceback(self._broken_tb)
  File "C:\Users\wadak\anaconda3\lib\site-packages\wandb\sdk\lib\service\service_client.py", line 87, in _send_server_request
    await self._drain_writer()
  File "C:\Users\wadak\anaconda3\lib\site-packages\wandb\sdk\lib\service\service_client.py", line 96, in _drain_writer
    await self._writer.drain()
  File "C:\Users\wadak\anaconda3\lib\asyncio\streams.py", line 371, in drain
    await self._protocol._drain_helper()
  File "C:\Users\wadak\anaconda3\lib\asyncio\streams.py", line 167, in _drain_helper
    raise ConnectionResetError('Connection lost')
ConnectionResetError: Connection lost
2026-03-05 13:59:54,471 ERROR   wandb-AsyncioManager-main:2540 [asyncio_manager.py:fn_wrap_exceptions():184] Uncaught exception in run_soon callback.
Traceback (most recent call last):
  File "C:\Users\wadak\anaconda3\lib\site-packages\wandb\sdk\lib\asyncio_manager.py", line 182, in fn_wrap_exceptions
    await fn()
  File "C:\Users\wadak\anaconda3\lib\site-packages\wandb\sdk\lib\service\service_client.py", line 45, in publish
    await self._send_server_request(request)
  File "C:\Users\wadak\anaconda3\lib\site-packages\wandb\sdk\lib\service\service_client.py", line 78, in _send_server_request
    raise self._broken_exc.with_traceback(self._broken_tb)
  File "C:\Users\wadak\anaconda3\lib\site-packages\wandb\sdk\lib\service\service_client.py", line 87, in _send_server_request
    await self._drain_writer()
  File "C:\Users\wadak\anaconda3\lib\site-packages\wandb\sdk\lib\service\service_client.py", line 96, in _drain_writer
    await self._writer.drain()
  File "C:\Users\wadak\anaconda3\lib\asyncio\streams.py", line 371, in drain
    await self._protocol._drain_helper()
  File "C:\Users\wadak\anaconda3\lib\asyncio\streams.py", line 167, in _drain_helper
    raise ConnectionResetError('Connection lost')
ConnectionResetError: Connection lost
2026-03-05 13:59:54,471 ERROR   wandb-AsyncioManager-main:2540 [asyncio_manager.py:fn_wrap_exceptions():184] Uncaught exception in run_soon callback.
Traceback (most recent call last):
  File "C:\Users\wadak\anaconda3\lib\site-packages\wandb\sdk\lib\asyncio_manager.py", line 182, in fn_wrap_exceptions
    await fn()
  File "C:\Users\wadak\anaconda3\lib\site-packages\wandb\sdk\lib\service\service_client.py", line 45, in publish
    await self._send_server_request(request)
  File "C:\Users\wadak\anaconda3\lib\site-packages\wandb\sdk\lib\service\service_client.py", line 78, in _send_server_request
    raise self._broken_exc.with_traceback(self._broken_tb)
  File "C:\Users\wadak\anaconda3\lib\site-packages\wandb\sdk\lib\service\service_client.py", line 87, in _send_server_request
    await self._drain_writer()
  File "C:\Users\wadak\anaconda3\lib\site-packages\wandb\sdk\lib\service\service_client.py", line 96, in _drain_writer
    await self._writer.drain()
  File "C:\Users\wadak\anaconda3\lib\asyncio\streams.py", line 371, in drain
    await self._protocol._drain_helper()
  File "C:\Users\wadak\anaconda3\lib\asyncio\streams.py", line 167, in _drain_helper
    raise ConnectionResetError('Connection lost')
ConnectionResetError: Connection lost
2026-03-05 13:59:54,473 ERROR   wandb-AsyncioManager-main:2540 [asyncio_manager.py:fn_wrap_exceptions():184] Uncaught exception in run_soon callback.
Traceback (most recent call last):
  File "C:\Users\wadak\anaconda3\lib\site-packages\wandb\sdk\lib\asyncio_manager.py", line 182, in fn_wrap_exceptions
    await fn()
  File "C:\Users\wadak\anaconda3\lib\site-packages\wandb\sdk\lib\service\service_client.py", line 45, in publish
    await self._send_server_request(request)
  File "C:\Users\wadak\anaconda3\lib\site-packages\wandb\sdk\lib\service\service_client.py", line 78, in _send_server_request
    raise self._broken_exc.with_traceback(self._broken_tb)
  File "C:\Users\wadak\anaconda3\lib\site-packages\wandb\sdk\lib\service\service_client.py", line 87, in _send_server_request
    await self._drain_writer()
  File "C:\Users\wadak\anaconda3\lib\site-packages\wandb\sdk\lib\service\service_client.py", line 96, in _drain_writer
    await self._writer.drain()
  File "C:\Users\wadak\anaconda3\lib\asyncio\streams.py", line 371, in drain
    await self._protocol._drain_helper()
  File "C:\Users\wadak\anaconda3\lib\asyncio\streams.py", line 167, in _drain_helper
    raise ConnectionResetError('Connection lost')
ConnectionResetError: Connection lost
2026-03-05 13:59:54,473 ERROR   wandb-AsyncioManager-main:2540 [asyncio_manager.py:fn_wrap_exceptions():184] Uncaught exception in run_soon callback.
Traceback (most recent call last):
  File "C:\Users\wadak\anaconda3\lib\site-packages\wandb\sdk\lib\asyncio_manager.py", line 182, in fn_wrap_exceptions
    await fn()
  File "C:\Users\wadak\anaconda3\lib\site-packages\wandb\sdk\lib\service\service_client.py", line 45, in publish
    await self._send_server_request(request)
  File "C:\Users\wadak\anaconda3\lib\site-packages\wandb\sdk\lib\service\service_client.py", line 78, in _send_server_request
    raise self._broken_exc.with_traceback(self._broken_tb)
  File "C:\Users\wadak\anaconda3\lib\site-packages\wandb\sdk\lib\service\service_client.py", line 87, in _send_server_request
    await self._drain_writer()
  File "C:\Users\wadak\anaconda3\lib\site-packages\wandb\sdk\lib\service\service_client.py", line 96, in _drain_writer
    await self._writer.drain()
  File "C:\Users\wadak\anaconda3\lib\asyncio\streams.py", line 371, in drain
    await self._protocol._drain_helper()
  File "C:\Users\wadak\anaconda3\lib\asyncio\streams.py", line 167, in _drain_helper
    raise ConnectionResetError('Connection lost')
ConnectionResetError: Connection lost
2026-03-05 13:59:54,474 ERROR   wandb-AsyncioManager-main:2540 [asyncio_manager.py:fn_wrap_exceptions():184] Uncaught exception in run_soon callback.
Traceback (most recent call last):
  File "C:\Users\wadak\anaconda3\lib\site-packages\wandb\sdk\lib\asyncio_manager.py", line 182, in fn_wrap_exceptions
    await fn()
  File "C:\Users\wadak\anaconda3\lib\site-packages\wandb\sdk\lib\service\service_client.py", line 45, in publish
    await self._send_server_request(request)
  File "C:\Users\wadak\anaconda3\lib\site-packages\wandb\sdk\lib\service\service_client.py", line 78, in _send_server_request
    raise self._broken_exc.with_traceback(self._broken_tb)
  File "C:\Users\wadak\anaconda3\lib\site-packages\wandb\sdk\lib\service\service_client.py", line 87, in _send_server_request
    await self._drain_writer()
  File "C:\Users\wadak\anaconda3\lib\site-packages\wandb\sdk\lib\service\service_client.py", line 96, in _drain_writer
    await self._writer.drain()
  File "C:\Users\wadak\anaconda3\lib\asyncio\streams.py", line 371, in drain
    await self._protocol._drain_helper()
  File "C:\Users\wadak\anaconda3\lib\asyncio\streams.py", line 167, in _drain_helper
    raise ConnectionResetError('Connection lost')
ConnectionResetError: Connection lost
2026-03-05 13:59:54,474 ERROR   wandb-AsyncioManager-main:2540 [asyncio_manager.py:fn_wrap_exceptions():184] Uncaught exception in run_soon callback.
Traceback (most recent call last):
  File "C:\Users\wadak\anaconda3\lib\site-packages\wandb\sdk\lib\asyncio_manager.py", line 182, in fn_wrap_exceptions
    await fn()
  File "C:\Users\wadak\anaconda3\lib\site-packages\wandb\sdk\lib\service\service_client.py", line 45, in publish
    await self._send_server_request(request)
  File "C:\Users\wadak\anaconda3\lib\site-packages\wandb\sdk\lib\service\service_client.py", line 78, in _send_server_request
    raise self._broken_exc.with_traceback(self._broken_tb)
  File "C:\Users\wadak\anaconda3\lib\site-packages\wandb\sdk\lib\service\service_client.py", line 87, in _send_server_request
    await self._drain_writer()
  File "C:\Users\wadak\anaconda3\lib\site-packages\wandb\sdk\lib\service\service_client.py", line 96, in _drain_writer
    await self._writer.drain()
  File "C:\Users\wadak\anaconda3\lib\asyncio\streams.py", line 371, in drain
    await self._protocol._drain_helper()
  File "C:\Users\wadak\anaconda3\lib\asyncio\streams.py", line 167, in _drain_helper
    raise ConnectionResetError('Connection lost')
ConnectionResetError: Connection lost
2026-03-05 13:59:54,474 ERROR   wandb-AsyncioManager-main:2540 [asyncio_manager.py:fn_wrap_exceptions():184] Uncaught exception in run_soon callback.
Traceback (most recent call last):
  File "C:\Users\wadak\anaconda3\lib\site-packages\wandb\sdk\lib\asyncio_manager.py", line 182, in fn_wrap_exceptions
    await fn()
  File "C:\Users\wadak\anaconda3\lib\site-packages\wandb\sdk\lib\service\service_client.py", line 45, in publish
    await self._send_server_request(request)
  File "C:\Users\wadak\anaconda3\lib\site-packages\wandb\sdk\lib\service\service_client.py", line 78, in _send_server_request
    raise self._broken_exc.with_traceback(self._broken_tb)
  File "C:\Users\wadak\anaconda3\lib\site-packages\wandb\sdk\lib\service\service_client.py", line 87, in _send_server_request
    await self._drain_writer()
  File "C:\Users\wadak\anaconda3\lib\site-packages\wandb\sdk\lib\service\service_client.py", line 96, in _drain_writer
    await self._writer.drain()
  File "C:\Users\wadak\anaconda3\lib\asyncio\streams.py", line 371, in drain
    await self._protocol._drain_helper()
  File "C:\Users\wadak\anaconda3\lib\asyncio\streams.py", line 167, in _drain_helper
    raise ConnectionResetError('Connection lost')
ConnectionResetError: Connection lost
2026-03-05 13:59:54,475 ERROR   wandb-AsyncioManager-main:2540 [asyncio_manager.py:fn_wrap_exceptions():184] Uncaught exception in run_soon callback.
Traceback (most recent call last):
  File "C:\Users\wadak\anaconda3\lib\site-packages\wandb\sdk\lib\asyncio_manager.py", line 182, in fn_wrap_exceptions
    await fn()
  File "C:\Users\wadak\anaconda3\lib\site-packages\wandb\sdk\lib\service\service_client.py", line 45, in publish
    await self._send_server_request(request)
  File "C:\Users\wadak\anaconda3\lib\site-packages\wandb\sdk\lib\service\service_client.py", line 78, in _send_server_request
    raise self._broken_exc.with_traceback(self._broken_tb)
  File "C:\Users\wadak\anaconda3\lib\site-packages\wandb\sdk\lib\service\service_client.py", line 87, in _send_server_request
    await self._drain_writer()
  File "C:\Users\wadak\anaconda3\lib\site-packages\wandb\sdk\lib\service\service_client.py", line 96, in _drain_writer
    await self._writer.drain()
  File "C:\Users\wadak\anaconda3\lib\asyncio\streams.py", line 371, in drain
    await self._protocol._drain_helper()
  File "C:\Users\wadak\anaconda3\lib\asyncio\streams.py", line 167, in _drain_helper
    raise ConnectionResetError('Connection lost')
ConnectionResetError: Connection lost
2026-03-05 13:59:54,475 ERROR   wandb-AsyncioManager-main:2540 [asyncio_manager.py:fn_wrap_exceptions():184] Uncaught exception in run_soon callback.
Traceback (most recent call last):
  File "C:\Users\wadak\anaconda3\lib\site-packages\wandb\sdk\lib\asyncio_manager.py", line 182, in fn_wrap_exceptions
    await fn()
  File "C:\Users\wadak\anaconda3\lib\site-packages\wandb\sdk\lib\service\service_client.py", line 45, in publish
    await self._send_server_request(request)
  File "C:\Users\wadak\anaconda3\lib\site-packages\wandb\sdk\lib\service\service_client.py", line 78, in _send_server_request
    raise self._broken_exc.with_traceback(self._broken_tb)
  File "C:\Users\wadak\anaconda3\lib\site-packages\wandb\sdk\lib\service\service_client.py", line 87, in _send_server_request
    await self._drain_writer()
  File "C:\Users\wadak\anaconda3\lib\site-packages\wandb\sdk\lib\service\service_client.py", line 96, in _drain_writer
    await self._writer.drain()
  File "C:\Users\wadak\anaconda3\lib\asyncio\streams.py", line 371, in drain
    await self._protocol._drain_helper()
  File "C:\Users\wadak\anaconda3\lib\asyncio\streams.py", line 167, in _drain_helper
    raise ConnectionResetError('Connection lost')
ConnectionResetError: Connection lost
2026-03-05 13:59:54,476 ERROR   wandb-AsyncioManager-main:2540 [asyncio_manager.py:fn_wrap_exceptions():184] Uncaught exception in run_soon callback.
Traceback (most recent call last):
  File "C:\Users\wadak\anaconda3\lib\site-packages\wandb\sdk\lib\asyncio_manager.py", line 182, in fn_wrap_exceptions
    await fn()
  File "C:\Users\wadak\anaconda3\lib\site-packages\wandb\sdk\lib\service\service_client.py", line 45, in publish
    await self._send_server_request(request)
  File "C:\Users\wadak\anaconda3\lib\site-packages\wandb\sdk\lib\service\service_client.py", line 78, in _send_server_request
    raise self._broken_exc.with_traceback(self._broken_tb)
  File "C:\Users\wadak\anaconda3\lib\site-packages\wandb\sdk\lib\service\service_client.py", line 87, in _send_server_request
    await self._drain_writer()
  File "C:\Users\wadak\anaconda3\lib\site-packages\wandb\sdk\lib\service\service_client.py", line 96, in _drain_writer
    await self._writer.drain()
  File "C:\Users\wadak\anaconda3\lib\asyncio\streams.py", line 371, in drain
    await self._protocol._drain_helper()
  File "C:\Users\wadak\anaconda3\lib\asyncio\streams.py", line 167, in _drain_helper
    raise ConnectionResetError('Connection lost')
ConnectionResetError: Connection lost
2026-03-05 13:59:54,477 ERROR   wandb-AsyncioManager-main:2540 [asyncio_manager.py:fn_wrap_exceptions():184] Uncaught exception in run_soon callback.
Traceback (most recent call last):
  File "C:\Users\wadak\anaconda3\lib\site-packages\wandb\sdk\lib\asyncio_manager.py", line 182, in fn_wrap_exceptions
    await fn()
  File "C:\Users\wadak\anaconda3\lib\site-packages\wandb\sdk\lib\service\service_client.py", line 45, in publish
    await self._send_server_request(request)
  File "C:\Users\wadak\anaconda3\lib\site-packages\wandb\sdk\lib\service\service_client.py", line 78, in _send_server_request
    raise self._broken_exc.with_traceback(self._broken_tb)
  File "C:\Users\wadak\anaconda3\lib\site-packages\wandb\sdk\lib\service\service_client.py", line 87, in _send_server_request
    await self._drain_writer()
  File "C:\Users\wadak\anaconda3\lib\site-packages\wandb\sdk\lib\service\service_client.py", line 96, in _drain_writer
    await self._writer.drain()
  File "C:\Users\wadak\anaconda3\lib\asyncio\streams.py", line 371, in drain
    await self._protocol._drain_helper()
  File "C:\Users\wadak\anaconda3\lib\asyncio\streams.py", line 167, in _drain_helper
    raise ConnectionResetError('Connection lost')
ConnectionResetError: Connection lost
2026-03-05 13:59:54,477 ERROR   wandb-AsyncioManager-main:2540 [asyncio_manager.py:fn_wrap_exceptions():184] Uncaught exception in run_soon callback.
Traceback (most recent call last):
  File "C:\Users\wadak\anaconda3\lib\site-packages\wandb\sdk\lib\asyncio_manager.py", line 182, in fn_wrap_exceptions
    await fn()
  File "C:\Users\wadak\anaconda3\lib\site-packages\wandb\sdk\lib\service\service_client.py", line 45, in publish
    await self._send_server_request(request)
  File "C:\Users\wadak\anaconda3\lib\site-packages\wandb\sdk\lib\service\service_client.py", line 78, in _send_server_request
    raise self._broken_exc.with_traceback(self._broken_tb)
  File "C:\Users\wadak\anaconda3\lib\site-packages\wandb\sdk\lib\service\service_client.py", line 87, in _send_server_request
    await self._drain_writer()
  File "C:\Users\wadak\anaconda3\lib\site-packages\wandb\sdk\lib\service\service_client.py", line 96, in _drain_writer
    await self._writer.drain()
  File "C:\Users\wadak\anaconda3\lib\asyncio\streams.py", line 371, in drain
    await self._protocol._drain_helper()
  File "C:\Users\wadak\anaconda3\lib\asyncio\streams.py", line 167, in _drain_helper
    raise ConnectionResetError('Connection lost')
ConnectionResetError: Connection lost
